[0.013s] Invoking command in '/home/xiaojun/openarm_ws/src/openarm_gazebo_hole_search_raw/build/openarm_description': CMAKE_PREFIX_PATH=/opt/ros/humble CONDA_PROMPT_MODIFIER=(base) /usr/bin/cmake /home/xiaojun/openarm_ws/src/openarm_description -DAMENT_CMAKE_SYMLINK_INSTALL=1 -DCMAKE_INSTALL_PREFIX=/home/xiaojun/openarm_ws/src/openarm_gazebo_hole_search_raw/install/openarm_description
[0.312s] -- The C compiler identification is GNU 11.4.0
[0.495s] -- The CXX compiler identification is GNU 11.4.0
[0.517s] -- Detecting C compiler ABI info
[0.655s] -- Detecting C compiler ABI info - done
[0.663s] -- Check for working C compiler: /usr/bin/cc - skipped
[0.664s] -- Detecting C compile features
[0.665s] -- Detecting C compile features - done
[0.670s] -- Detecting CXX compiler ABI info
[0.784s] -- Detecting CXX compiler ABI info - done
[0.791s] -- Check for working CXX compiler: /usr/bin/c++ - skipped
[0.791s] -- Detecting CXX compile features
[0.792s] -- Detecting CXX compile features - done
[0.820s] -- Found ament_cmake: 1.3.14 (/opt/ros/humble/share/ament_cmake/cmake)
[1.372s] -- Found Python3: /home/xiaojun/miniforge3/bin/python3 (found version "3.13.13") found components: Interpreter 
[1.480s] -- Override CMake install command with custom implementation using symlinks instead of copying resources
[1.545s] -- Found ament_lint_auto: 0.12.15 (/opt/ros/humble/share/ament_lint_auto/cmake)
[1.576s] Traceback (most recent call last):
[1.579s]   File "/opt/ros/humble/share/ament_cmake_core/cmake/core/package_xml_2_cmake.py", line 22, in <module>
[1.580s]     from catkin_pkg.package import parse_package_string
[1.580s] ModuleNotFoundError: No module named 'catkin_pkg'
[1.586s] CMake Error at /opt/ros/humble/share/ament_cmake_core/cmake/core/ament_package_xml.cmake:95 (message):
[1.586s]   execute_process(/home/xiaojun/miniforge3/bin/python3
[1.586s]   /opt/ros/humble/share/ament_cmake_core/cmake/core/package_xml_2_cmake.py
[1.586s]   /home/xiaojun/openarm_ws/src/openarm_description/package.xml
[1.586s]   /home/xiaojun/openarm_ws/src/openarm_gazebo_hole_search_raw/build/openarm_description/ament_cmake_core/package.cmake)
[1.586s]   returned error code 1
[1.586s] Call Stack (most recent call first):
[1.586s]   /opt/ros/humble/share/ament_cmake_core/cmake/core/ament_package_xml.cmake:49 (_ament_package_xml)
[1.586s]   /opt/ros/humble/share/ament_lint_auto/cmake/ament_lint_auto_find_test_dependencies.cmake:31 (ament_package_xml)
[1.586s]   CMakeLists.txt:29 (ament_lint_auto_find_test_dependencies)
[1.586s] 
[1.586s] 
[1.587s] -- Configuring incomplete, errors occurred!
[1.587s] See also "/home/xiaojun/openarm_ws/src/openarm_gazebo_hole_search_raw/build/openarm_description/CMakeFiles/CMakeOutput.log".
[1.596s] Invoked command in '/home/xiaojun/openarm_ws/src/openarm_gazebo_hole_search_raw/build/openarm_description' returned '1': CMAKE_PREFIX_PATH=/opt/ros/humble CONDA_PROMPT_MODIFIER=(base) /usr/bin/cmake /home/xiaojun/openarm_ws/src/openarm_description -DAMENT_CMAKE_SYMLINK_INSTALL=1 -DCMAKE_INSTALL_PREFIX=/home/xiaojun/openarm_ws/src/openarm_gazebo_hole_search_raw/install/openarm_description
