===== OpenArm SAC 训练日志 =====
开始时间: 2026-08-13T17:31:19+08:00
工作目录: /home/xiaojun/openarm_ws/src/openarm_gazebo_hole_search_SAC
Python: /home/xiaojun/miniforge3/envs/openarm/bin/python
命令: python -u scripts/train_sac.py
自动续训: 开启（存在兼容检查点时自动读取）
日志文件: /home/xiaojun/openarm_ws/src/openarm_gazebo_hole_search_SAC/sac_results/logs/training.log
================================
[自动续训] 未找到兼容检查点，将从 Episode 1 开始训练。
Using cpu device
Wrapping the env with a `Monitor` wrapper
Wrapping the env in a DummyVecEnv.
Logging to /home/xiaojun/openarm_ws/src/openarm_gazebo_hole_search_SAC/sac_results/tensorboard/SAC_0
[训练] Episode 1/1000 | 训练集seed=100 | 孔索引=563 | 孔位置YZ(相对复位轴尖)=(-0.090, -2.201) mm | 找孔=False | 完整装配=False | 结束原因=fault | 回合奖励=-48.110 | 搜索步=297 | 搜索时间=29.70 s | YZ路径=432.09 mm
[训练] Episode 2/1000 | 训练集seed=100 | 孔索引=348 | 孔位置YZ(相对复位轴尖)=(2.794, 0.747) mm | 找孔=True | 完整装配=True | 结束原因=assembly_success | 回合奖励=120.080 | 搜索步=3 | 搜索时间=0.30 s | YZ路径=5.00 mm
[训练] Episode 3/1000 | 训练集seed=100 | 孔索引=513 | 孔位置YZ(相对复位轴尖)=(-0.050, 2.176) mm | 找孔=True | 完整装配=True | 结束原因=assembly_success | 回合奖励=119.450 | 搜索步=10 | 搜索时间=1.00 s | YZ路径=12.29 mm
[训练] Episode 4/1000 | 训练集seed=100 | 孔索引=101 | 孔位置YZ(相对复位轴尖)=(1.152, -0.312) mm | 找孔=True | 完整装配=True | 结束原因=assembly_success | 回合奖励=119.880 | 搜索步=4 | 搜索时间=0.40 s | YZ路径=6.36 mm
---------------------------------
| rollout/           |          |
|    ep_len_mean     | 79.2     |
|    ep_rew_mean     | 77.8     |
| time/              |          |
|    episodes        | 4        |
|    fps             | 2        |
|    time_elapsed    | 122      |
|    total_timesteps | 317      |
---------------------------------
[训练] Episode 5/1000 | 训练集seed=100 | 孔索引=326 | 孔位置YZ(相对复位轴尖)=(-0.082, 1.441) mm | 找孔=True | 完整装配=True | 结束原因=assembly_success | 回合奖励=111.080 | 搜索步=138 | 搜索时间=13.80 s | YZ路径=208.02 mm
[训练] Episode 6/1000 | 训练集seed=100 | 孔索引=682 | 孔位置YZ(相对复位轴尖)=(-1.940, 0.278) mm | 找孔=True | 完整装配=True | 结束原因=assembly_success | 回合奖励=119.410 | 搜索步=11 | 搜索时间=1.10 s | YZ路径=12.19 mm
[训练] Episode 7/1000 | 训练集seed=100 | 孔索引=217 | 孔位置YZ(相对复位轴尖)=(0.929, 2.725) mm | 找孔=True | 完整装配=True | 结束原因=assembly_success | 回合奖励=108.190 | 搜索步=167 | 搜索时间=16.70 s | YZ路径=246.92 mm
[训练] Episode 8/1000 | 训练集seed=100 | 孔索引=554 | 孔位置YZ(相对复位轴尖)=(-2.211, -2.539) mm | 找孔=False | 完整装配=False | 结束原因=fault | 回合奖励=-48.400 | 搜索步=296 | 搜索时间=29.60 s | YZ路径=416.95 mm
---------------------------------
| rollout/           |          |
|    ep_len_mean     | 117      |
|    ep_rew_mean     | 75.2     |
| time/              |          |
|    episodes        | 8        |
|    fps             | 3        |
|    time_elapsed    | 262      |
|    total_timesteps | 933      |
---------------------------------
[训练] Episode 9/1000 | 训练集seed=100 | 孔索引=494 | 孔位置YZ(相对复位轴尖)=(2.841, 1.536) mm | 找孔=True | 完整装配=True | 结束原因=assembly_success | 回合奖励=118.900 | 搜索步=27 | 搜索时间=2.70 s | YZ路径=30.98 mm
[训练] Episode 10/1000 | 训练集seed=100 | 孔索引=773 | 孔位置YZ(相对复位轴尖)=(0.357, -0.602) mm | 找孔=True | 完整装配=True | 结束原因=assembly_success | 回合奖励=119.850 | 搜索步=8 | 搜索时间=0.80 s | YZ路径=21.03 mm
[训练] Episode 11/1000 | 训练集seed=100 | 孔索引=391 | 孔位置YZ(相对复位轴尖)=(-0.918, -1.827) mm | 找孔=True | 完整装配=True | 结束原因=assembly_success | 回合奖励=109.710 | 搜索步=168 | 搜索时间=16.80 s | YZ路径=237.18 mm
[训练] Episode 12/1000 | 训练集seed=100 | 孔索引=687 | 孔位置YZ(相对复位轴尖)=(-1.915, 0.112) mm | 找孔=True | 完整装配=False | 结束原因=insertion_failure | 回合奖励=1.620 | 搜索步=291 | 搜索时间=29.10 s | YZ路径=421.45 mm
---------------------------------
| rollout/           |          |
|    ep_len_mean     | 119      |
|    ep_rew_mean     | 79.3     |
| time/              |          |
|    episodes        | 12       |
|    fps             | 3        |
|    time_elapsed    | 401      |
|    total_timesteps | 1429     |
---------------------------------
[训练] Episode 13/1000 | 训练集seed=100 | 孔索引=269 | 孔位置YZ(相对复位轴尖)=(0.452, -2.506) mm | 找孔=False | 完整装配=False | 结束原因=fault | 回合奖励=-49.830 | 搜索步=297 | 搜索时间=29.70 s | YZ路径=450.46 mm
[训练] Episode 14/1000 | 训练集seed=100 | 孔索引=471 | 孔位置YZ(相对复位轴尖)=(0.660, -2.604) mm | 找孔=True | 完整装配=False | 结束原因=insertion_failure | 回合奖励=19.910 | 搜索步=3 | 搜索时间=0.30 s | YZ路径=3.67 mm
[训练] Episode 15/1000 | 训练集seed=100 | 孔索引=94 | 孔位置YZ(相对复位轴尖)=(1.252, 0.489) mm | 找孔=True | 完整装配=False | 结束原因=insertion_failure | 回合奖励=14.080 | 搜索步=104 | 搜索时间=10.40 s | YZ路径=147.38 mm
[训练] Episode 16/1000 | 训练集seed=100 | 孔索引=8 | 孔位置YZ(相对复位轴尖)=(2.975, 0.012) mm | 找孔=True | 完整装配=False | 结束原因=insertion_failure | 回合奖励=20.000 | 搜索步=1 | 搜索时间=0.10 s | YZ路径=1.38 mm
---------------------------------
| rollout/           |          |
|    ep_len_mean     | 115      |
|    ep_rew_mean     | 59.7     |
| time/              |          |
|    episodes        | 16       |
|    fps             | 3        |
|    time_elapsed    | 513      |
|    total_timesteps | 1837     |
---------------------------------

[中断保存] 收到 Ctrl+C，正在保存模型和 Replay Buffer；保存完成前请不要再次按 Ctrl+C……
[中断保存] 已完成：/home/xiaojun/openarm_ws/src/openarm_gazebo_hole_search_SAC/sac_results/models/interrupt_checkpoint
[中断保存] 下次启动将从 Episode 17 自动继续。
================================
结束时间: 2026-08-13T17:40:04+08:00
训练进程退出码: 0
