[0.109s] DEBUG:colcon:Command line arguments: ['/usr/bin/colcon', 'build', '--base-paths', '/home/xiaojun/openarm_ws/src', '--packages-up-to', 'openarm_gazebo_hole_search', '--symlink-install']
[0.109s] DEBUG:colcon:Parsed command line arguments: Namespace(log_base=None, log_level=None, verb_name='build', build_base='build', install_base='install', merge_install=False, symlink_install=True, test_result_base=None, continue_on_error=False, executor='parallel', parallel_workers=8, event_handlers=None, ignore_user_meta=False, metas=['./colcon.meta'], base_paths=['/home/xiaojun/openarm_ws/src'], packages_ignore=None, packages_ignore_regex=None, paths=None, packages_up_to=['openarm_gazebo_hole_search'], packages_up_to_regex=None, packages_above=None, packages_above_and_dependencies=None, packages_above_depth=None, packages_select_by_dep=None, packages_skip_by_dep=None, packages_skip_up_to=None, packages_select_build_failed=False, packages_skip_build_finished=False, packages_select_test_failures=False, packages_skip_test_passed=False, packages_select=None, packages_skip=None, packages_select_regex=None, packages_skip_regex=None, packages_start=None, packages_end=None, allow_overriding=[], cmake_args=None, cmake_target=None, cmake_target_skip_unavailable=False, cmake_clean_cache=False, cmake_clean_first=False, cmake_force_configure=False, ament_cmake_args=None, catkin_cmake_args=None, catkin_skip_building_tests=False, verb_parser=<colcon_defaults.argument_parser.defaults.DefaultArgumentsDecorator object at 0x74bd37434490>, verb_extension=<colcon_core.verb.build.BuildVerb object at 0x74bd375310c0>, main=<bound method BuildVerb.main of <colcon_core.verb.build.BuildVerb object at 0x74bd375310c0>>)
[0.290s] Level 1:colcon.colcon_core.package_discovery:discover_packages(colcon_meta) check parameters
[0.290s] Level 1:colcon.colcon_core.package_discovery:discover_packages(recursive) check parameters
[0.290s] Level 1:colcon.colcon_core.package_discovery:discover_packages(ignore) check parameters
[0.290s] Level 1:colcon.colcon_core.package_discovery:discover_packages(path) check parameters
[0.290s] Level 1:colcon.colcon_core.package_discovery:discover_packages(recursive) discover
[0.290s] INFO:colcon.colcon_core.package_discovery:Crawling recursively for packages in '/home/xiaojun/openarm_ws/src'
[0.291s] Level 1:colcon.colcon_core.package_identification:_identify(/home/xiaojun/openarm_ws/src) by extensions ['ignore', 'ignore_ament_install']
[0.291s] Level 1:colcon.colcon_core.package_identification:_identify(/home/xiaojun/openarm_ws/src) by extension 'ignore'
[0.291s] Level 1:colcon.colcon_core.package_identification:_identify(/home/xiaojun/openarm_ws/src) by extension 'ignore_ament_install'
[0.291s] Level 1:colcon.colcon_core.package_identification:_identify(/home/xiaojun/openarm_ws/src) by extensions ['colcon_pkg']
[0.291s] Level 1:colcon.colcon_core.package_identification:_identify(/home/xiaojun/openarm_ws/src) by extension 'colcon_pkg'
[0.291s] Level 1:colcon.colcon_core.package_identification:_identify(/home/xiaojun/openarm_ws/src) by extensions ['colcon_meta']
[0.291s] Level 1:colcon.colcon_core.package_identification:_identify(/home/xiaojun/openarm_ws/src) by extension 'colcon_meta'
[0.291s] Level 1:colcon.colcon_core.package_identification:_identify(/home/xiaojun/openarm_ws/src) by extensions ['ros']
[0.291s] Level 1:colcon.colcon_core.package_identification:_identify(/home/xiaojun/openarm_ws/src) by extension 'ros'
[0.304s] Level 1:colcon.colcon_core.package_identification:_identify(/home/xiaojun/openarm_ws/src) by extensions ['cmake', 'python']
[0.304s] Level 1:colcon.colcon_core.package_identification:_identify(/home/xiaojun/openarm_ws/src) by extension 'cmake'
[0.304s] Level 1:colcon.colcon_core.package_identification:_identify(/home/xiaojun/openarm_ws/src) by extension 'python'
[0.304s] Level 1:colcon.colcon_core.package_identification:_identify(/home/xiaojun/openarm_ws/src) by extensions ['python_setup_py']
[0.304s] Level 1:colcon.colcon_core.package_identification:_identify(/home/xiaojun/openarm_ws/src) by extension 'python_setup_py'
[0.304s] Level 1:colcon.colcon_core.package_identification:_identify(/home/xiaojun/openarm_ws/src/openarm_description) by extensions ['ignore', 'ignore_ament_install']
[0.305s] Level 1:colcon.colcon_core.package_identification:_identify(/home/xiaojun/openarm_ws/src/openarm_description) by extension 'ignore'
[0.305s] Level 1:colcon.colcon_core.package_identification:_identify(/home/xiaojun/openarm_ws/src/openarm_description) by extension 'ignore_ament_install'
[0.305s] Level 1:colcon.colcon_core.package_identification:_identify(/home/xiaojun/openarm_ws/src/openarm_description) by extensions ['colcon_pkg']
[0.305s] Level 1:colcon.colcon_core.package_identification:_identify(/home/xiaojun/openarm_ws/src/openarm_description) by extension 'colcon_pkg'
[0.305s] Level 1:colcon.colcon_core.package_identification:_identify(/home/xiaojun/openarm_ws/src/openarm_description) by extensions ['colcon_meta']
[0.305s] Level 1:colcon.colcon_core.package_identification:_identify(/home/xiaojun/openarm_ws/src/openarm_description) by extension 'colcon_meta'
[0.305s] Level 1:colcon.colcon_core.package_identification:_identify(/home/xiaojun/openarm_ws/src/openarm_description) by extensions ['ros']
[0.305s] Level 1:colcon.colcon_core.package_identification:_identify(/home/xiaojun/openarm_ws/src/openarm_description) by extension 'ros'
[0.308s] DEBUG:colcon.colcon_core.package_identification:Package '/home/xiaojun/openarm_ws/src/openarm_description' with type 'ros.ament_cmake' and name 'openarm_description'
[0.308s] Level 1:colcon.colcon_core.package_identification:_identify(/home/xiaojun/openarm_ws/src/openarm_gazebo_hole_search_raw) by extensions ['ignore', 'ignore_ament_install']
[0.309s] Level 1:colcon.colcon_core.package_identification:_identify(/home/xiaojun/openarm_ws/src/openarm_gazebo_hole_search_raw) by extension 'ignore'
[0.309s] Level 1:colcon.colcon_core.package_identification:_identify(/home/xiaojun/openarm_ws/src/openarm_gazebo_hole_search_raw) by extension 'ignore_ament_install'
[0.309s] Level 1:colcon.colcon_core.package_identification:_identify(/home/xiaojun/openarm_ws/src/openarm_gazebo_hole_search_raw) by extensions ['colcon_pkg']
[0.309s] Level 1:colcon.colcon_core.package_identification:_identify(/home/xiaojun/openarm_ws/src/openarm_gazebo_hole_search_raw) by extension 'colcon_pkg'
[0.309s] Level 1:colcon.colcon_core.package_identification:_identify(/home/xiaojun/openarm_ws/src/openarm_gazebo_hole_search_raw) by extensions ['colcon_meta']
[0.309s] Level 1:colcon.colcon_core.package_identification:_identify(/home/xiaojun/openarm_ws/src/openarm_gazebo_hole_search_raw) by extension 'colcon_meta'
[0.309s] Level 1:colcon.colcon_core.package_identification:_identify(/home/xiaojun/openarm_ws/src/openarm_gazebo_hole_search_raw) by extensions ['ros']
[0.309s] Level 1:colcon.colcon_core.package_identification:_identify(/home/xiaojun/openarm_ws/src/openarm_gazebo_hole_search_raw) by extension 'ros'
[0.310s] DEBUG:colcon.colcon_core.package_identification:Package '/home/xiaojun/openarm_ws/src/openarm_gazebo_hole_search_raw' with type 'ros.ament_python' and name 'openarm_gazebo_hole_search'
[0.310s] Level 1:colcon.colcon_core.package_identification:_identify(/home/xiaojun/openarm_ws/src/openarm_teleop) by extensions ['ignore', 'ignore_ament_install']
[0.310s] Level 1:colcon.colcon_core.package_identification:_identify(/home/xiaojun/openarm_ws/src/openarm_teleop) by extension 'ignore'
[0.310s] Level 1:colcon.colcon_core.package_identification:_identify(/home/xiaojun/openarm_ws/src/openarm_teleop) by extension 'ignore_ament_install'
[0.310s] Level 1:colcon.colcon_core.package_identification:_identify(/home/xiaojun/openarm_ws/src/openarm_teleop) by extensions ['colcon_pkg']
[0.310s] Level 1:colcon.colcon_core.package_identification:_identify(/home/xiaojun/openarm_ws/src/openarm_teleop) by extension 'colcon_pkg'
[0.310s] Level 1:colcon.colcon_core.package_identification:_identify(/home/xiaojun/openarm_ws/src/openarm_teleop) by extensions ['colcon_meta']
[0.310s] Level 1:colcon.colcon_core.package_identification:_identify(/home/xiaojun/openarm_ws/src/openarm_teleop) by extension 'colcon_meta'
[0.310s] Level 1:colcon.colcon_core.package_identification:_identify(/home/xiaojun/openarm_ws/src/openarm_teleop) by extensions ['ros']
[0.311s] Level 1:colcon.colcon_core.package_identification:_identify(/home/xiaojun/openarm_ws/src/openarm_teleop) by extension 'ros'
[0.311s] DEBUG:colcon.colcon_core.package_identification:Package '/home/xiaojun/openarm_ws/src/openarm_teleop' with type 'ros.ament_cmake' and name 'openarm_teleop'
[0.311s] Level 1:colcon.colcon_core.package_discovery:discover_packages(recursive) using defaults
[0.335s] INFO:colcon.colcon_core.package_selection:Skipping package 'openarm_teleop' in '/home/xiaojun/openarm_ws/src/openarm_teleop'
[0.336s] Level 1:colcon.colcon_core.package_discovery:discover_packages(prefix_path) check parameters
[0.336s] Level 1:colcon.colcon_core.package_discovery:discover_packages(prefix_path) discover
[0.338s] DEBUG:colcon.colcon_installed_package_information.package_discovery:Found 338 installed packages in /opt/ros/humble
[0.355s] Level 1:colcon.colcon_core.package_discovery:discover_packages(prefix_path) using defaults
[0.402s] Level 5:colcon.colcon_core.verb:set package 'openarm_description' build argument 'cmake_args' from command line to 'None'
[0.402s] Level 5:colcon.colcon_core.verb:set package 'openarm_description' build argument 'cmake_target' from command line to 'None'
[0.402s] Level 5:colcon.colcon_core.verb:set package 'openarm_description' build argument 'cmake_target_skip_unavailable' from command line to 'False'
[0.402s] Level 5:colcon.colcon_core.verb:set package 'openarm_description' build argument 'cmake_clean_cache' from command line to 'False'
[0.402s] Level 5:colcon.colcon_core.verb:set package 'openarm_description' build argument 'cmake_clean_first' from command line to 'False'
[0.402s] Level 5:colcon.colcon_core.verb:set package 'openarm_description' build argument 'cmake_force_configure' from command line to 'False'
[0.402s] Level 5:colcon.colcon_core.verb:set package 'openarm_description' build argument 'ament_cmake_args' from command line to 'None'
[0.402s] Level 5:colcon.colcon_core.verb:set package 'openarm_description' build argument 'catkin_cmake_args' from command line to 'None'
[0.402s] Level 5:colcon.colcon_core.verb:set package 'openarm_description' build argument 'catkin_skip_building_tests' from command line to 'False'
[0.402s] DEBUG:colcon.colcon_core.verb:Building package 'openarm_description' with the following arguments: {'ament_cmake_args': None, 'build_base': '/home/xiaojun/openarm_ws/src/openarm_gazebo_hole_search_raw/build/openarm_description', 'catkin_cmake_args': None, 'catkin_skip_building_tests': False, 'cmake_args': None, 'cmake_clean_cache': False, 'cmake_clean_first': False, 'cmake_force_configure': False, 'cmake_target': None, 'cmake_target_skip_unavailable': False, 'install_base': '/home/xiaojun/openarm_ws/src/openarm_gazebo_hole_search_raw/install/openarm_description', 'merge_install': False, 'path': '/home/xiaojun/openarm_ws/src/openarm_description', 'symlink_install': True, 'test_result_base': None}
[0.402s] Level 5:colcon.colcon_core.verb:set package 'openarm_gazebo_hole_search' build argument 'cmake_args' from command line to 'None'
[0.403s] Level 5:colcon.colcon_core.verb:set package 'openarm_gazebo_hole_search' build argument 'cmake_target' from command line to 'None'
[0.403s] Level 5:colcon.colcon_core.verb:set package 'openarm_gazebo_hole_search' build argument 'cmake_target_skip_unavailable' from command line to 'False'
[0.403s] Level 5:colcon.colcon_core.verb:set package 'openarm_gazebo_hole_search' build argument 'cmake_clean_cache' from command line to 'False'
[0.403s] Level 5:colcon.colcon_core.verb:set package 'openarm_gazebo_hole_search' build argument 'cmake_clean_first' from command line to 'False'
[0.403s] Level 5:colcon.colcon_core.verb:set package 'openarm_gazebo_hole_search' build argument 'cmake_force_configure' from command line to 'False'
[0.403s] Level 5:colcon.colcon_core.verb:set package 'openarm_gazebo_hole_search' build argument 'ament_cmake_args' from command line to 'None'
[0.403s] Level 5:colcon.colcon_core.verb:set package 'openarm_gazebo_hole_search' build argument 'catkin_cmake_args' from command line to 'None'
[0.403s] Level 5:colcon.colcon_core.verb:set package 'openarm_gazebo_hole_search' build argument 'catkin_skip_building_tests' from command line to 'False'
[0.403s] DEBUG:colcon.colcon_core.verb:Building package 'openarm_gazebo_hole_search' with the following arguments: {'ament_cmake_args': None, 'build_base': '/home/xiaojun/openarm_ws/src/openarm_gazebo_hole_search_raw/build/openarm_gazebo_hole_search', 'catkin_cmake_args': None, 'catkin_skip_building_tests': False, 'cmake_args': None, 'cmake_clean_cache': False, 'cmake_clean_first': False, 'cmake_force_configure': False, 'cmake_target': None, 'cmake_target_skip_unavailable': False, 'install_base': '/home/xiaojun/openarm_ws/src/openarm_gazebo_hole_search_raw/install/openarm_gazebo_hole_search', 'merge_install': False, 'path': '/home/xiaojun/openarm_ws/src/openarm_gazebo_hole_search_raw', 'symlink_install': True, 'test_result_base': None}
[0.403s] INFO:colcon.colcon_core.executor:Executing jobs using 'parallel' executor
[0.404s] DEBUG:colcon.colcon_parallel_executor.executor.parallel:run_until_complete
[0.405s] INFO:colcon.colcon_ros.task.ament_cmake.build:Building ROS package in '/home/xiaojun/openarm_ws/src/openarm_description' with build type 'ament_cmake'
[0.405s] INFO:colcon.colcon_cmake.task.cmake.build:Building CMake package in '/home/xiaojun/openarm_ws/src/openarm_description'
[0.407s] INFO:colcon.colcon_core.plugin_system:Skipping extension 'colcon_core.shell.bat': Not used on non-Windows systems
[0.408s] INFO:colcon.colcon_core.shell:Skip shell extension 'powershell' for command environment: Not usable outside of PowerShell
[0.408s] DEBUG:colcon.colcon_core.shell:Skip shell extension 'dsv' for command environment
[0.418s] DEBUG:colcon.colcon_core.event_handler.log_command:Invoking command in '/home/xiaojun/openarm_ws/src/openarm_gazebo_hole_search_raw/build/openarm_description': CMAKE_PREFIX_PATH=/opt/ros/humble CONDA_PROMPT_MODIFIER=(base) /usr/bin/cmake /home/xiaojun/openarm_ws/src/openarm_description -DAMENT_CMAKE_SYMLINK_INSTALL=1 -DCMAKE_INSTALL_PREFIX=/home/xiaojun/openarm_ws/src/openarm_gazebo_hole_search_raw/install/openarm_description
[0.627s] DEBUG:colcon.colcon_core.event_handler.log_command:Invoked command in '/home/xiaojun/openarm_ws/src/openarm_gazebo_hole_search_raw/build/openarm_description' returned '1': CMAKE_PREFIX_PATH=/opt/ros/humble CONDA_PROMPT_MODIFIER=(base) /usr/bin/cmake /home/xiaojun/openarm_ws/src/openarm_description -DAMENT_CMAKE_SYMLINK_INSTALL=1 -DCMAKE_INSTALL_PREFIX=/home/xiaojun/openarm_ws/src/openarm_gazebo_hole_search_raw/install/openarm_description
[0.643s] Level 1:colcon.colcon_core.environment:create_environment_scripts_only(openarm_description)
[0.646s] Level 1:colcon.colcon_core.environment:checking '/home/xiaojun/openarm_ws/src/openarm_gazebo_hole_search_raw/install/openarm_description' for CMake module files
[0.646s] Level 1:colcon.colcon_core.environment:checking '/home/xiaojun/openarm_ws/src/openarm_gazebo_hole_search_raw/install/openarm_description' for CMake config files
[0.647s] Level 1:colcon.colcon_core.environment:checking '/home/xiaojun/openarm_ws/src/openarm_gazebo_hole_search_raw/install/openarm_description/bin'
[0.647s] Level 1:colcon.colcon_core.environment:checking '/home/xiaojun/openarm_ws/src/openarm_gazebo_hole_search_raw/install/openarm_description/lib/pkgconfig/openarm_description.pc'
[0.647s] Level 1:colcon.colcon_core.environment:checking '/home/xiaojun/openarm_ws/src/openarm_gazebo_hole_search_raw/install/openarm_description/lib/python3.10/site-packages'
[0.647s] Level 1:colcon.colcon_core.environment:checking '/home/xiaojun/openarm_ws/src/openarm_gazebo_hole_search_raw/install/openarm_description/bin'
[0.648s] INFO:colcon.colcon_core.shell:Creating package script '/home/xiaojun/openarm_ws/src/openarm_gazebo_hole_search_raw/install/openarm_description/share/openarm_description/package.ps1'
[0.649s] INFO:colcon.colcon_core.shell:Creating package descriptor '/home/xiaojun/openarm_ws/src/openarm_gazebo_hole_search_raw/install/openarm_description/share/openarm_description/package.dsv'
[0.649s] INFO:colcon.colcon_core.shell:Creating package script '/home/xiaojun/openarm_ws/src/openarm_gazebo_hole_search_raw/install/openarm_description/share/openarm_description/package.sh'
[0.650s] INFO:colcon.colcon_core.shell:Creating package script '/home/xiaojun/openarm_ws/src/openarm_gazebo_hole_search_raw/install/openarm_description/share/openarm_description/package.bash'
[0.651s] INFO:colcon.colcon_core.shell:Creating package script '/home/xiaojun/openarm_ws/src/openarm_gazebo_hole_search_raw/install/openarm_description/share/openarm_description/package.zsh'
[0.652s] Level 1:colcon.colcon_core.environment:create_file_with_runtime_dependencies(/home/xiaojun/openarm_ws/src/openarm_gazebo_hole_search_raw/install/openarm_description/share/colcon-core/packages/openarm_description)
[0.664s] DEBUG:colcon.colcon_parallel_executor.executor.parallel:closing loop
[0.664s] DEBUG:colcon.colcon_parallel_executor.executor.parallel:loop closed
[0.664s] DEBUG:colcon.colcon_parallel_executor.executor.parallel:run_until_complete finished with '1'
[0.664s] DEBUG:colcon.colcon_core.event_reactor:joining thread
[0.671s] INFO:colcon.colcon_core.plugin_system:Skipping extension 'colcon_notification.desktop_notification.terminal_notifier': Not used on non-Darwin systems
[0.672s] INFO:colcon.colcon_core.plugin_system:Skipping extension 'colcon_notification.desktop_notification.win32': Not used on non-Windows systems
[0.672s] INFO:colcon.colcon_notification.desktop_notification:Sending desktop notification using 'notify2'
[0.686s] DEBUG:colcon.colcon_core.event_reactor:joined thread
[0.687s] INFO:colcon.colcon_core.shell:Creating prefix script '/home/xiaojun/openarm_ws/src/openarm_gazebo_hole_search_raw/install/local_setup.ps1'
[0.688s] INFO:colcon.colcon_core.shell:Creating prefix util module '/home/xiaojun/openarm_ws/src/openarm_gazebo_hole_search_raw/install/_local_setup_util_ps1.py'
[0.689s] INFO:colcon.colcon_core.shell:Creating prefix chain script '/home/xiaojun/openarm_ws/src/openarm_gazebo_hole_search_raw/install/setup.ps1'
[0.691s] INFO:colcon.colcon_core.shell:Creating prefix script '/home/xiaojun/openarm_ws/src/openarm_gazebo_hole_search_raw/install/local_setup.sh'
[0.691s] INFO:colcon.colcon_core.shell:Creating prefix util module '/home/xiaojun/openarm_ws/src/openarm_gazebo_hole_search_raw/install/_local_setup_util_sh.py'
[0.692s] INFO:colcon.colcon_core.shell:Creating prefix chain script '/home/xiaojun/openarm_ws/src/openarm_gazebo_hole_search_raw/install/setup.sh'
[0.694s] INFO:colcon.colcon_core.shell:Creating prefix script '/home/xiaojun/openarm_ws/src/openarm_gazebo_hole_search_raw/install/local_setup.bash'
[0.695s] INFO:colcon.colcon_core.shell:Creating prefix chain script '/home/xiaojun/openarm_ws/src/openarm_gazebo_hole_search_raw/install/setup.bash'
[0.697s] INFO:colcon.colcon_core.shell:Creating prefix script '/home/xiaojun/openarm_ws/src/openarm_gazebo_hole_search_raw/install/local_setup.zsh'
[0.698s] INFO:colcon.colcon_core.shell:Creating prefix chain script '/home/xiaojun/openarm_ws/src/openarm_gazebo_hole_search_raw/install/setup.zsh'
